cmb10	cmb10	computer modern	1	0
cmbsy5	cmbsy5	computer modern	1	1
cmbsy6	cmbsy6	computer modern	1	1
cmbsy7	cmbsy7	computer modern	1	1
cmbsy8	cmbsy8	computer modern	1	1
cmbsy9	cmbsy9	computer modern	1	1
cmbsy10	cmbsy10	computer modern	1	1
cmbsy11	cmbsy11	computer modern	1	1
cmbsy12	cmbsy12	computer modern	1	1
cmbx10	cmbx10	computer modern	1	0
cmbx12	cmbx12	computer modern	1	0
cmbx5	cmbx5	computer modern	1	0
cmbx6	cmbx6	computer modern	1	0
cmbx7	cmbx7	computer modern	1	0
cmbx8	cmbx8	computer modern	1	0
cmbx9	cmbx9	computer modern	1	0
cmbxsl10	cmbxsl10	computer modern	1	1
cmbxti10	cmbxti10	computer modern	1	1
cmcsc10	cmcsc10	computer modern	0	0
cmdunh10	cmdunh10	computer modern	0	0
cmex10	cmex10	computer modern	0	0
cmff10	cmff10	computer modern	0	1
cmfi10	cmfi10	computer modern	0	1
cmfib8	cmfib8	computer modern	0	0
cminch	cminch	computer modern	1	0
cmitt10	cmitt10	computer modern	0	1
cmmi10	cmmi10	computer modern	0	1
cmmi12	cmmi12	computer modern	0	1
cmmi5	cmmi5	computer modern	0	1
cmmi6	cmmi6	computer modern	0	1
cmmi7	cmmi7	computer modern	0	1
cmmi8	cmmi8	computer modern	0	1
cmmi9	cmmi9	computer modern	0	1
cmmib5	cmmib5	computer modern	1	1
cmmib6	cmmib6	computer modern	1	1
cmmib7	cmmib7	computer modern	1	1
cmmib8	cmmib8	computer modern	1	1
cmmib9	cmmib9	computer modern	1	1
cmmib10	cmmib10	computer modern	1	1
cmmib11	cmmib11	computer modern	1	1
cmmib12	cmmib12	computer modern	1	1
cmr10	cmr10	computer modern	0	0
cmr12	cmr12	computer modern	0	0
cmr17	cmr17	computer modern	0	0
cmr5	cmr5	computer modern	0	0
cmr6	cmr6	computer modern	0	0
cmr7	cmr7	computer modern	0	0
cmr8	cmr8	computer modern	0	0
cmr9	cmr9	computer modern	0	0
cmsl10	cmsl10	computer modern	0	1
cmsl12	cmsl12	computer modern	0	1
cmsl8	cmsl8	computer modern	0	1
cmsl9	cmsl9	computer modern	0	1
cmsltt10	cmsltt10	computer modern	0	1
cmss10	cmss10	computer modern	0	0
cmss12	cmss12	computer modern	0	0
cmss17	cmss17	computer modern	0	0
cmss8	cmss8	computer modern	0	0
cmss9	cmss9	computer modern	0	0
cmssbx10	cmssbx10	computer modern	1	0
cmssdc10	cmssdc10	computer modern	1	0
cmssi10	cmssi10	computer modern	0	1
cmssi12	cmssi12	computer modern	0	1
cmssi17	cmssi17	computer modern	0	1
cmssi8	cmssi8	computer modern	0	1
cmssi9	cmssi9	computer modern	0	1
cmssq8	cmssq8	computer modern	0	0
cmssqi8	cmssqi8	computer modern	0	1
cmsy10	cmsy10	computer modern	0	1
cmsy5	cmsy5	computer modern	0	1
cmsy6	cmsy6	computer modern	0	1
cmsy7	cmsy7	computer modern	0	1
cmsy8	cmsy8	computer modern	0	1
cmsy9	cmsy9	computer modern	0	1
cmtcsc10	cmtcsc10	computer modern	0	0
cmtex10	cmtex10	computer modern	0	0
cmtex8	cmtex8	computer modern	0	0
cmtex9	cmtex9	computer modern	0	0
cmti10	cmti10	computer modern	0	1
cmti12	cmti12	computer modern	0	1
cmti7	cmti7	computer modern	0	1
cmti8	cmti8	computer modern	0	1
cmti9	cmti9	computer modern	0	1
cmtt10	cmtt10	computer modern	0	0
cmtt12	cmtt12	computer modern	0	0
cmtt8	cmtt8	computer modern	0	0
cmtt9	cmtt9	computer modern	0	0
cmu10	cmu10	computer modern	0	0
cmvtt10	cmvtt10	computer modern	0	0
euex10	euex10	euler	0	0
eufb10	eufb10	euler	1	0
eufb5	eufb5	euler	1	0
eufb7	eufb7	euler	1	0
eufm10	eufm10	euler	0	0
eufm5	eufm5	euler	0	0
eufm7	eufm7	euler	0	0
eurb10	eurb10	euler	1	0
eurb5	eurb5	euler	1	0
eurb7	eurb7	euler	1	0
eurm10	eurm10	euler	0	0
eurm5	eurm5	euler	0	0
eurm7	eurm7	euler	0	0
eusb10	eusb10	euler	1	0
eusb5	eusb5	euler	1	0
eusb7	eusb7	euler	1	0
eusm10	eusm10	euler	0	0
eusm5	eusm5	euler	0	0
eusm7	eusm7	euler	0	0
lasy10	lasy10	latex	0	1
lasy5	lasy5	latex	0	1
lasy6	lasy6	latex	0	1
lasy7	lasy7	latex	0	1
lasy8	lasy8	latex	0	1
lasy9	lasy9	latex	0	1
lasyb10	lasyb10	latex	1	1
lucidacalligraphy-italic	lucida calligraphy italic	lucidacalligraphy	0	1
lucidabright-demi	lucida bright demibold	lucidabright	1	0
lucidabright-demiitalic	lucida bright demibold italic	lucidabright	1	1
lucidabrightsmallcaps-demi	lucida bright smallcaps demibold	lucidabrightsmallcaps	1	0
lucidahandwriting-italic	lucida handwriting italic	lucidahandwriting	0	1
lucidabright-italic	lucida bright italic	lucidabright	0	1
lucidacasual-italic	lucida casual italic	lucidacasual	0	1
lucidacasual	lucida casual	lucidacasual	0	0
lucidablackletter	lucida blackletter	lucidablackletter	0	0
lucidanewmath-arrows	lucida new math arrows	lucidanewmath	0	0
lucidanewmath-arrows-demi	lucida new math arrows demibold	lucidanewmath	1	0
lucidanewmath-arrows-demi	lucida new math arrows demibold	lucidanewmath	1	0
lucidanewmath-arrows	lucida new math arrows	lucidanewmath	0	0
lucidanewmath-demibold	lucida new math demibold	lucidanewmath	1	0
lucidanewmath-demiitalic	lucida new math demibold italic	lucidanewmath	1	1
lucidanewmath-demiitalic	lucida new math demibold italic	lucidanewmath	1	1
lucidanewmath-altdemiitalic	lucida new math alternate demibold italic	lucidanewmath	1	1
lucidanewmath-altdemiitalic	lucida new math alternate demibold italic	lucidanewmath	1	1
lucidanewmath-demibold	lucida new math demibold	lucidanewmath	1	0
lucidanewmath-extension	lucida new math extension	lucidanewmath	0	0
lucidanewmath-extension	lucida new math extension	lucidanewmath	0	0
lucidanewmath-italic	lucida new math italic	lucidanewmath	0	1
lucidanewmath-italic	lucida new math italic	lucidanewmath	0	1
lucidanewmath-altitalic	lucida new math alternate italic	lucidanewmath	0	1
lucidanewmath-altitalic	lucida new math alternate italic	lucidanewmath	0	1
lucidanewmath-roman	lucida new math roman	lucidanewmath	0	0
lucidanewmath-roman	lucida new math roman	lucidanewmath	0	0
lucidanewmath-symbol	lucida new math symbol	lucidanewmath	0	1
lucidanewmath-symbol-demi	lucida new math symbol demibold	lucidanewmath	1	1
lucidanewmath-symbol-demi	lucida new math symbol demibold	lucidanewmath	1	1
lucidanewmath-symbol	lucida new math symbol	lucidanewmath	0	1
lucidabright	lucida bright	lucidabright	0	0
lucidabrightsmallcaps	lucida bright smallcaps	lucidabrightsmallcaps	0	0
lucidabright-oblique	lucida bright oblique	lucidabright	0	1
lucidatypewriterbold	lucida typewriter bold	lucidatypewriter	1	0
lucidatypewriterboldoblique	lucida typewriter bold oblique	lucidatypewriter	1	1
lucidatypewriteroblique	lucida typewriter oblique	lucidatypewriter	0	1
lucidatypewriter	lucida typewriter	lucidatypewriter	0	0
lcircle10	lcircle10	latex	0	0
lcirclew10	lcirclew10	latex	1	0
lcmss8	lcmss8	computer modern	0	0
lcmssb8	lcmssb8	computer modern	1	0
lcmssi8	lcmssi8	computer modern	0	1
lucidafax-demi	lucida fax demibold	lucidafax	1	0
lucidafax-demiitalic	lucida fax demibold italic	lucidafax	1	1
lucidafax-italic	lucida fax italic	lucidafax	0	1
lucidafax	lucida fax	lucidafax	0	0
line10	line10	latex	0	0
linew10	linew10	latex	1	0
logo10	logo10	logo	0	0
logo8	logo8	logo	0	0
logo9	logo9	logo	0	0
logobf10	logobf10	logo	1	0
logosl10	logosl10	logo	0	1
lucidasans-bold	lucida sans bold	lucidasans	1	0
lucidasans-bolditalic	lucida sans bold italic	lucidasans	1	1
lucidasans-demi	lucida sans demibold	lucidasans	1	0
lucidasans-demiitalic	lucida sans demibold italic	lucidasans	1	1
lucidasans-italic	lucida sans italic	lucidasans	0	1
lucidasans	lucida sans regular	lucidasans	0	0
lucidasans-typewriterbold	lucida sans typewriter bold	lucidasanstypewriter	1	0
lucidasans-typewriterboldoblique	lucida sans typewriter bold oblique	lucidasanstypewriter	1	1
lucidasans-typewriteroblique	lucida sans typewriter oblique	lucidasanstypewriter	0	1
lucidasans-typewriter	lucida sans typewriter	lucidasanstypewriter	0	0
msam10	msam10	euler	0	0
msam5	msam5	euler	0	0
msam7	msam7	euler	0	0
msbm10	msbm10	euler	0	0
msbm5	msbm5	euler	0	0
msbm7	msbm7	euler	0	0
mtex	mtex	mathtime	0	0
mtexb	mtexb	mathtime	1	0
mtexh	mtexh	mathtime	0	0
mtgu	mtgu	mathtime	0	0
mtgub	mtgub	mathtime	1	0
mtls	mtls	mathtime	0	0
mtlsb	mtlsb	mathtime	1	0
mtmi	mtmi	mathtime	0	1
mtmib	mtmib	mathtime	1	1
mtmih	mtmih	mathtime	0	1
mtms	mtms	mathtime	0	0
mtmsb	mtmsb	mathtime	1	0
mtmub	mtmub	mathtime	1	0
mtmuh	mtmuh	mathtime	0	0
mtsy	mtsy	mathtime	0	0
mtsyb	mtsyb	mathtime	1	0
mtsyh	mtsyh	mathtime	0	0
mtsyn	mtsyn	mathtime	0	0
omegaserifarabicone	omegaserifarabicone	omegaserifarabicone	0	0
omegaserifarabicone-bold	omegaserifarabicone-bold	omegaserifarabicone	1	0
omegaserifarabictwo	omegaserifarabictwo	omegaserifarabictwo	0	0
omegaserifarabictwo-bold	omegaserifarabictwo-bold	omegaserifarabictwo	1	0
omegaserifarabicthree	omegaserifarabicthree	omegaserifarabicthree	0	0
omegaserifarabicthree-bold	omegaserifarabicthree-bold	omegaserifarabicthree	1	0
omegaserifcommon	omegaserifcommon	omegaserifcommon	0	0
omegaserifcommon-bold	omegaserifcommon-bold	omegaserifcommon	1	0
omegaserifcommon-bolditalic	omegaserifcommon-bolditalic	omegaserifcommon	1	1
omegaserifcommon-italic	omegaserifcommon-italic	omegaserifcommon	0	1
omegaserifcyrillicextended	omegaserifcyrillicextended	omegaserifcyrillicextended	0	0
omegaserifcyrillic	omegaserifcyrillic	omegaserifcyrillic	0	0
omegaserifgreek	omegaserifgreek	omegaserifgreek	0	0
omegaserifgreek-bold	omegaserifgreek-bold	omegaserifgreek	1	0
omegaserifgreek-bolditalic	omegaserifgreek-bolditalic	omegaserifgreek	1	1
omegaserifgreek-italic	omegaserifgreek-italic	omegaserifgreek	0	1
omegaserifarmenian	omegaserifarmenian	omegaserifarmenian	0	0
omegaserifhebrew	omegaserifhebrew	omegaserifhebrew	0	0
omegaserifipa	omegaserifipa	omegaserifipa	0	0
omegaseriflatin	omegaseriflatin	omegaseriflatin	0	0
omegaseriflatin-bold	omegaseriflatin-bold	omegaseriflatin	1	0
omegaseriflatin-bolditalic	omegaseriflatin-bolditalic	omegaseriflatin	1	1
omegaseriflatin-italic	omegaseriflatin-italic	omegaseriflatin	0	1
omegaseriftifinagh	omegaseriftifinagh	omegaseriftifinagh	0	0
avantgarde-demi	itc avant garde gothic demi	itc avant garde gothic	0	0
avantgarde-demioblique	itc avant garde gothic demi oblique	itc avant garde gothic	0	1
avantgarde-book	itc avant garde gothic book	itc avant garde gothic	0	0
avantgarde-bookoblique	itc avant garde gothic book oblique	itc avant garde gothic	0	1
bookman-demi	itc bookman demi	itc bookman	0	0
bookman-demiitalic	itc bookman demi italic	itc bookman	0	1
bookman-light	itc bookman light	itc bookman	0	0
bookman-lightitalic	itc bookman light italic	itc bookman	0	1
courier-bold	courier bold	courier	1	0
courier-boldoblique	courier bold oblique	courier	1	1
courier	courier	courier	0	0
courier-oblique	courier oblique	courier	0	1
helvetica-bold	helvetica bold	helvetica	1	0
helvetica-narrow-bold	helvetica narrow bold	helvetica	1	0
helvetica-boldoblique	helvetica bold oblique	helvetica	1	1
helvetica-narrow-boldoblique	helvetica narrow bold oblique	helvetica	1	1
helvetica	helvetica	helvetica	0	0
helvetica-narrow	helvetica narrow	helvetica	0	0
helvetica-oblique	helvetica oblique	helvetica	0	1
helvetica-narrow-oblique	helvetica narrow oblique	helvetica	0	1
newcenturyschlbk-bold	new century schoolbook bold	new century schoolbook	1	0
newcenturyschlbk-bolditalic	new century schoolbook bold italic	new century schoolbook	1	1
newcenturyschlbk-roman	new century schoolbook roman	new century schoolbook	0	0
newcenturyschlbk-italic	new century schoolbook italic	new century schoolbook	0	1
palatino-bold	palatino bold	palatino	1	0
palatino-bolditalic	palatino bold italic	palatino	1	1
palatino-roman	palatino roman	palatino	0	0
palatino-italic	palatino italic	palatino	0	1
symbol	symbol	symbol	0	0
times-bold	times bold	times	1	0
times-bolditalic	times bold italic	times	1	1
times-roman	times roman	times	0	0
times-italic	times italic	times	0	1
utopia-bold	utopia bold	utopia	1	0
utopia-bolditalic	utopia bold italic	utopia	1	1
utopia-regular	utopia regular	utopia	0	0
utopia-italic	utopia italic	utopia	0	1
zapfchancery-mediumitalic	itc zapf chancery medium italic	itc zapf chancery	0	1
zapfdingbats	itc zapf dingbats	itc zapf dingbats	0	0
rmtmi	rmtmi	mathtime	0	1
rmtmib	rmtmib	mathtime	1	1
rmtmih	rmtmih	mathtime	0	1
rmtmub	rmtmub	mathtime	1	0
rmtmuh	rmtmuh	mathtime	0	0
urwgothicl-demi	urw gothic l demi	urw gothic l	0	0
urwgothicl-demiobli	urw gothic l demi oblique	urw gothic l	0	1
urwgothicl-book	urw gothic l book	urw gothic l	0	0
urwgothicl-bookobli	urw gothic l book oblique	urw gothic l	0	1
urwbookmanl-demibold	urw bookman l demi bold	urw bookman l	1	0
urwbookmanl-demiboldital	urw bookman l demi bold italic	urw bookman l	1	1
urwbookmanl-ligh	urw bookman l light	urw bookman l	0	0
urwbookmanl-lighital	urw bookman l light italic	urw bookman l	0	1
nimbusmonl-bold	nimbus mono l bold	nimbus mono l	1	0
nimbusmonl-boldobli	nimbus mono l bold oblique	nimbus mono l	1	1
nimbusmonl-regu	nimbus mono l regular	nimbus mono l	0	0
nimbusmonl-reguobli	nimbus mono l regular oblique	nimbus mono l	0	1
nimbussanl-bold	nimbus sans l bold	nimbus sans l	1	0
nimbussanl-boldcond	nimbus sans l bold condensed	nimbus sans l	1	0
nimbussanl-boldital	nimbus sans l bold italic	nimbus sans l	1	1
nimbussanl-boldcondital	nimbus sans l bold condensed italic	nimbus sans l	1	1
nimbussanl-regu	nimbus sans l regular	nimbus sans l	0	0
nimbussanl-regucond	nimbus sans l regular condensed	nimbus sans l	0	0
nimbussanl-reguital	nimbus sans l regular italic	nimbus sans l	0	1
nimbussanl-regucondital	nimbus sans l regular condensed italic	nimbus sans l	0	1
centuryschl-bold	century schoolbook l bold	century schoolbook l	1	0
centuryschl-boldital	century schoolbook l bold italic	century schoolbook l	1	1
centuryschl-roma	century schoolbook l roman	century schoolbook l	0	0
centuryschl-ital	century schoolbook l italic	century schoolbook l	0	1
urwpalladiol-bold	urw palladio l bold	urw palladio l	1	0
urwpalladiol-boldital	urw palladio l bold italic	urw palladio l	1	1
urwpalladiol-roma	urw palladio l roman	urw palladio l	0	0
urwpalladiol-ital	urw palladio l italic	urw palladio l	0	1
standardsyml	standard symbols l	standard symbols l	0	0
nimbusromno9l-medi	nimbus roman no9 l medium	nimbus roman no9 l	1	0
nimbusromno9l-mediital	nimbus roman no9 l medium italic	nimbus roman no9 l	1	1
nimbusromno9l-regu	nimbus roman no9 l regular	nimbus roman no9 l	0	0
nimbusromno9l-reguital	nimbus roman no9 l regular italic	nimbus roman no9 l	0	1
urwchanceryl-mediital	urw chancery l medium italic	urw chancery l	0	1
dingbats	dingbats	dingbats	0	0
wncyb10	wncyb10	ams	1	0
wncyi10	wncyi10	ams	0	1
wncyr10	wncyr10	ams	0	0
wncysc10	wncysc10	ams	0	0
wncyss10	wncyss10	ams	0	0
